// Jest Snapshot v1, https://goo.gl/fbAQLP

exports[`Testing header component rendering 1`] = `
Object {
  "asFragment": [Function],
  "baseElement": <body>
    <div>
      <nav>
        <div
          class="navDiv"
        >
          <img
            alt="icon"
            height="50"
            src="planet.png"
          />
          <h1>
            Space Travelers´ Hub
          </h1>
        </div>
        <div
          class="link"
        >
          <li>
            <a
              aria-current="page"
              class="navLink active"
              href="/"
            >
              Rockets
            </a>
          </li>
          <li>
            <a
              class="navLink"
              href="/Missions"
            >
              Missions
            </a>
          </li>
          <li>
            <a
              class="navLink"
              href="/Dragons"
            >
              Dragons
            </a>
          </li>
          <li>
            <a
              class="navLink"
              href="/Profile"
            >
              My Profile
            </a>
          </li>
        </div>
      </nav>
    </div>
  </body>,
  "container": <div>
    <nav>
      <div
        class="navDiv"
      >
        <img
          alt="icon"
          height="50"
          src="planet.png"
        />
        <h1>
          Space Travelers´ Hub
        </h1>
      </div>
      <div
        class="link"
      >
        <li>
          <a
            aria-current="page"
            class="navLink active"
            href="/"
          >
            Rockets
          </a>
        </li>
        <li>
          <a
            class="navLink"
            href="/Missions"
          >
            Missions
          </a>
        </li>
        <li>
          <a
            class="navLink"
            href="/Dragons"
          >
            Dragons
          </a>
        </li>
        <li>
          <a
            class="navLink"
            href="/Profile"
          >
            My Profile
          </a>
        </li>
      </div>
    </nav>
  </div>,
  "debug": [Function],
  "findAllByAltText": [Function],
  "findAllByDisplayValue": [Function],
  "findAllByLabelText": [Function],
  "findAllByPlaceholderText": [Function],
  "findAllByRole": [Function],
  "findAllByTestId": [Function],
  "findAllByText": [Function],
  "findAllByTitle": [Function],
  "findByAltText": [Function],
  "findByDisplayValue": [Function],
  "findByLabelText": [Function],
  "findByPlaceholderText": [Function],
  "findByRole": [Function],
  "findByTestId": [Function],
  "findByText": [Function],
  "findByTitle": [Function],
  "getAllByAltText": [Function],
  "getAllByDisplayValue": [Function],
  "getAllByLabelText": [Function],
  "getAllByPlaceholderText": [Function],
  "getAllByRole": [Function],
  "getAllByTestId": [Function],
  "getAllByText": [Function],
  "getAllByTitle": [Function],
  "getByAltText": [Function],
  "getByDisplayValue": [Function],
  "getByLabelText": [Function],
  "getByPlaceholderText": [Function],
  "getByRole": [Function],
  "getByTestId": [Function],
  "getByText": [Function],
  "getByTitle": [Function],
  "queryAllByAltText": [Function],
  "queryAllByDisplayValue": [Function],
  "queryAllByLabelText": [Function],
  "queryAllByPlaceholderText": [Function],
  "queryAllByRole": [Function],
  "queryAllByTestId": [Function],
  "queryAllByText": [Function],
  "queryAllByTitle": [Function],
  "queryByAltText": [Function],
  "queryByDisplayValue": [Function],
  "queryByLabelText": [Function],
  "queryByPlaceholderText": [Function],
  "queryByRole": [Function],
  "queryByTestId": [Function],
  "queryByText": [Function],
  "queryByTitle": [Function],
  "rerender": [Function],
  "unmount": [Function],
}
`;
